main.adb:27:13: info: implicit aspect Always_Terminates on "Hash" has been proved, subprogram will terminate
spark-big_reals__light.ads:34:32: warning: function Is_Valid is assumed to return True
