inst.ads:3:13: info: implicit aspect Always_Terminates on "Eq" has been proved, subprogram will terminate
inst.ads:3:54: info: division check proved (CVC5: 1 VC)
inst.ads:3:67: info: division check proved (CVC5: 1 VC)
inst.ads:4:13: info: implicit aspect Always_Terminates on "Equivalent" has been proved, subprogram will terminate
inst.ads:4:62: info: division check proved (CVC5: 1 VC)
inst.ads:4:74: info: division check proved (CVC5: 1 VC)
test.adb:17:07: info: initialization of "X" proved
test.adb:19:07: info: precondition proved (CVC5: 1 VC)
test.adb:20:23: info: unrolling loop
test.adb:21:15: medium: precondition might fail
test.adb:23:07: info: precondition proved (CVC5: 1 VC)
test.adb:24:07: info: precondition proved (Z3: 1 VC)
test.adb:28:07: info: initialization of "X" proved
test.adb:30:23: info: unrolling loop
test.adb:31:15: medium: precondition might fail
test.adb:33:07: info: precondition proved (Z3: 1 VC)
test.adb:33:15: info: precondition proved (CVC5: 1 VC)
test.adb:33:34: info: precondition proved (Z3: 1 VC)
test.adb:37:07: info: initialization of "X" proved
test.adb:39:23: info: unrolling loop
test.adb:40:15: medium: precondition might fail
test.adb:42:07: info: precondition proved (CVC5: 1 VC)
test.adb:42:27: info: precondition proved (CVC5: 1 VC)
test.adb:47:07: info: initialization of "X" proved
test.adb:49:07: info: precondition proved (CVC5: 1 VC)
test.adb:49:15: info: predicate check proved (Trivial: 1 VC)
test.adb:49:28: info: predicate check proved (Trivial: 1 VC)
test.adb:50:23: info: unrolling loop
test.adb:51:15: medium: precondition might fail
test.adb:53:07: info: precondition proved (CVC5: 1 VC)
test.adb:53:15: info: predicate check proved (Trivial: 1 VC)
test.adb:53:28: info: predicate check proved (Trivial: 1 VC)
test.adb:57:07: info: initialization of "X" proved
test.adb:57:10: info: initialization of "Y" proved
test.adb:57:13: info: initialization of "Z" proved
test.adb:59:07: info: precondition proved (CVC5: 1 VC)
test.adb:60:23: info: unrolling loop
test.adb:61:15: info: precondition proved (CVC5: 3 VC)
test.adb:63:07: info: precondition proved (CVC5: 1 VC)
test.adb:65:07: info: precondition proved (CVC5: 1 VC)
test.adb:66:12: info: precondition proved (CVC5: 1 VC)
test.adb:67:12: info: precondition proved (Z3: 1 VC)
test.adb:68:07: info: precondition proved (Z3: 1 VC)
test.adb:69:12: medium: precondition might fail
test.adb:70:12: medium: precondition might fail
test.adb:71:07: info: precondition proved (Z3: 1 VC)
test.adb:72:12: info: precondition proved (Z3: 1 VC)
test.adb:73:07: info: precondition proved (Z3: 1 VC)
test.adb:75:12: medium: precondition might fail
test.adb:76:07: info: precondition proved (Z3: 1 VC)
test.adb:77:12: info: precondition proved (Z3: 1 VC)
test.adb:78:07: medium: precondition might fail
test.adb:82:07: info: initialization of "X" proved
test.adb:82:10: info: initialization of "Y" proved
test.adb:82:13: info: initialization of "Z" proved
test.adb:84:07: info: precondition proved (CVC5: 1 VC)
test.adb:85:23: info: unrolling loop
test.adb:86:15: info: precondition proved (CVC5: 3 VC)
test.adb:88:07: info: precondition proved (CVC5: 1 VC)
test.adb:90:07: info: precondition proved (CVC5: 1 VC)
test.adb:91:12: info: precondition proved (CVC5: 1 VC)
test.adb:92:12: info: precondition proved (Z3: 1 VC)
test.adb:93:07: info: precondition proved (Z3: 1 VC)
test.adb:94:12: info: precondition proved (Z3: 1 VC)
test.adb:95:12: info: precondition proved (Z3: 1 VC)
test.adb:96:07: info: precondition proved (Z3: 1 VC)
test.adb:97:12: info: precondition proved (Z3: 1 VC)
test.adb:99:12: info: precondition proved (Z3: 1 VC)
test.adb:100:07: info: precondition proved (Z3: 1 VC)
test.adb:101:12: info: precondition proved (Z3: 1 VC)
test.adb:102:07: info: precondition proved (Z3: 1 VC)
test.adb:106:07: info: initialization of "X" proved
test.adb:108:07: info: precondition proved (CVC5: 1 VC)
test.adb:109:12: info: precondition proved (CVC5: 1 VC)
test.adb:110:07: info: precondition proved (CVC5: 1 VC)
test.adb:114:07: info: initialization of "X" proved
test.adb:114:10: info: initialization of "Y" proved
test.adb:116:07: info: precondition proved (CVC5: 1 VC)
test.adb:117:23: info: unrolling loop
test.adb:118:15: info: precondition proved (CVC5: 4 VC)
test.adb:121:07: info: precondition proved (CVC5: 1 VC)
test.adb:122:12: info: precondition proved (CVC5: 1 VC)
test.adb:123:12: info: precondition proved (Z3: 1 VC)
test.adb:124:07: info: precondition proved (Z3: 1 VC)
test.adb:125:12: info: precondition proved (Z3: 1 VC)
test.adb:126:07: medium: precondition might fail
test.adb:127:12: medium: precondition might fail
test.adb:128:07: medium: precondition might fail
test.adb:132:07: info: initialization of "X" proved
test.adb:132:10: info: initialization of "Y" proved
test.adb:134:07: info: precondition proved (CVC5: 1 VC)
test.adb:135:23: info: unrolling loop
test.adb:136:15: info: precondition proved (CVC5: 4 VC)
test.adb:138:07: info: precondition proved (CVC5: 1 VC)
test.adb:140:07: info: precondition proved (CVC5: 1 VC)
test.adb:141:12: info: precondition proved (CVC5: 1 VC)
test.adb:142:07: info: precondition proved (CVC5: 1 VC)
test.adb:143:12: info: precondition proved (Z3: 1 VC)
test.adb:144:12: info: precondition proved (Z3: 1 VC)
test.adb:145:07: info: precondition proved (Z3: 1 VC)
test.adb:146:12: medium: precondition might fail
test.adb:147:12: medium: precondition might fail
test.adb:148:07: medium: precondition might fail
test.adb:152:07: info: initialization of "X" proved
test.adb:152:10: info: initialization of "Y" proved
test.adb:154:23: info: unrolling loop
test.adb:155:15: info: precondition proved (CVC5: 4 VC)
test.adb:158:12: info: precondition proved (CVC5: 1 VC)
test.adb:159:12: info: precondition proved (CVC5: 1 VC)
test.adb:160:07: info: precondition proved (CVC5: 1 VC)
test.adb:161:07: info: precondition proved (Z3: 1 VC)
test.adb:165:07: info: initialization of "X" proved
test.adb:165:10: info: initialization of "Y" proved
test.adb:167:23: info: unrolling loop
test.adb:168:15: info: precondition proved (CVC5: 4 VC)
test.adb:171:12: info: precondition proved (CVC5: 1 VC)
test.adb:172:12: medium: precondition might fail
test.adb:173:12: info: precondition proved (Z3: 1 VC)
test.adb:174:07: info: precondition proved (Z3: 1 VC)
test.adb:175:07: medium: precondition might fail
test.adb:179:07: info: initialization of "X" proved
test.adb:179:10: info: initialization of "Y" proved
test.adb:179:13: info: initialization of "Z" proved
test.adb:181:07: info: precondition proved (CVC5: 1 VC)
test.adb:182:23: info: unrolling loop
test.adb:183:15: info: precondition proved (CVC5: 3 VC)
test.adb:185:07: info: precondition proved (CVC5: 1 VC)
test.adb:187:07: info: precondition proved (CVC5: 1 VC)
test.adb:188:12: info: precondition proved (Z3: 1 VC)
test.adb:189:12: info: precondition proved (Z3: 1 VC)
test.adb:190:07: info: precondition proved (Z3: 1 VC)
test.adb:191:12: info: precondition proved (Z3: 1 VC)
test.adb:192:12: info: precondition proved (Z3: 1 VC)
test.adb:193:07: info: precondition proved (Z3: 1 VC)
test.adb:194:12: info: precondition proved (Z3: 1 VC)
test.adb:196:12: info: precondition proved (Z3: 1 VC)
test.adb:197:07: info: precondition proved (Z3: 1 VC)
test.adb:198:12: info: precondition proved (Z3: 1 VC)
test.adb:199:07: info: precondition proved (Z3: 1 VC)
test.adb:206:07: info: precondition proved (CVC5: 1 VC)
test.adb:206:15: info: predicate check proved (Trivial: 1 VC)
test.adb:206:28: info: predicate check proved (Trivial: 1 VC)
test.adb:211:07: info: initialization of "X" proved
test.adb:214:12: info: precondition proved (CVC5: 1 VC)
test.adb:215:12: info: precondition proved (CVC5: 1 VC)
test.adb:216:07: info: precondition proved (CVC5: 1 VC)
test.adb:216:15: info: predicate check proved (Trivial: 1 VC)
test.adb:216:28: info: predicate check proved (Trivial: 1 VC)
test.adb:217:07: info: precondition proved (CVC5: 1 VC)
test.adb:218:07: info: precondition proved (CVC5: 1 VC)
test.adb:218:15: info: precondition proved (CVC5: 1 VC)
test.adb:219:07: info: precondition proved (CVC5: 1 VC)
test.adb:219:36: info: precondition proved (CVC5: 1 VC)
test.adb:220:07: info: precondition proved (CVC5: 1 VC)
test.adb:225:07: info: initialization of "X" proved
test.adb:227:23: info: unrolling loop
test.adb:228:15: medium: precondition might fail
test.adb:230:12: info: precondition proved (Z3: 1 VC)
test.adb:231:07: info: precondition proved (CVC5: 1 VC)
test.adb:231:15: info: predicate check proved (Trivial: 1 VC)
test.adb:231:28: info: predicate check proved (Trivial: 1 VC)
test.adb:232:07: info: precondition proved (CVC5: 1 VC)
test.adb:233:07: info: precondition proved (Z3: 1 VC)
test.adb:233:41: info: precondition proved (CVC5: 1 VC)
test.adb:234:07: medium: precondition might fail
test.adb:239:07: info: initialization of "X" proved
test.adb:241:23: info: unrolling loop
test.adb:242:15: medium: precondition might fail
test.adb:244:12: info: precondition proved (Z3: 1 VC)
test.adb:245:07: info: precondition proved (CVC5: 1 VC)
test.adb:245:15: info: predicate check proved (Trivial: 1 VC)
test.adb:245:28: info: predicate check proved (Trivial: 1 VC)
test.adb:246:07: info: precondition proved (Z3: 1 VC)
test.adb:246:39: info: precondition proved (CVC5: 1 VC)
test.adb:247:07: medium: precondition might fail
test.adb:247:41: info: precondition proved (CVC5: 1 VC)
test.adb:248:07: medium: precondition might fail
test.adb:252:07: info: initialization of "B" proved
test.adb:253:07: info: initialization of "X" proved
test.adb:255:24: info: unrolling loop
test.adb:256:15: medium: precondition might fail
test.adb:258:07: info: precondition proved (Z3: 1 VC)
test.adb:259:11: info: precondition proved (CVC5: 1 VC)
test.adb:259:11: info: precondition proved (CVC5: 2 VC)
test.adb:259:11: info: precondition proved (Trivial: 1 VC)
test.adb:260:10: info: precondition proved (Z3: 1 VC)
test.adb:263:11: info: precondition proved (CVC5: 2 VC)
test.adb:263:11: info: precondition proved (Trivial: 1 VC)
test.adb:264:33: info: loop invariant initialization proved (CVC5: 1 VC; Z3: 1 VC)
test.adb:264:33: info: loop invariant preservation proved (Z3: 2 VC)
test.adb:265:30: info: precondition proved (CVC5: 1 VC)
test.adb:269:07: medium: precondition might fail
test.adb:274:18: info: keys shall be distinct for maps aggregates at spark-containers-functional-maps.ads:97, in instantiation at inst.ads:5
test.adb:274:18: info: precondition proved (CVC5: 10 VC)
test.adb:276:07: info: precondition proved (CVC5: 1 VC)
test.adb:276:15: info: predicate check proved (Trivial: 1 VC)
test.adb:276:28: info: predicate check proved (Trivial: 1 VC)
test.adb:277:07: info: precondition proved (CVC5: 1 VC)
test.adb:278:07: info: precondition proved (CVC5: 1 VC)
test.adb:278:15: info: precondition proved (CVC5: 1 VC)
test.adb:278:34: info: precondition proved (CVC5: 1 VC)
