inst.ads:3:13: info: implicit aspect Always_Terminates on "Equivalent" has been proved, subprogram will terminate
inst.ads:3:62: info: division check proved (CVC5: 1 VC)
inst.ads:3:74: info: division check proved (CVC5: 1 VC)
test.adb:18:07: info: initialization of "X" proved
test.adb:20:07: info: precondition proved (CVC5: 1 VC)
test.adb:21:23: info: unrolling loop
test.adb:22:15: medium: precondition might fail
test.adb:24:07: info: precondition proved (CVC5: 1 VC)
test.adb:25:07: medium: precondition might fail
test.adb:29:07: info: initialization of "X" proved
test.adb:31:23: info: unrolling loop
test.adb:32:15: medium: precondition might fail
test.adb:34:07: info: precondition proved (CVC5: 1 VC)
test.adb:34:28: info: precondition proved (CVC5: 1 VC)
test.adb:39:07: info: initialization of "X" proved
test.adb:41:07: info: precondition proved (CVC5: 1 VC)
test.adb:41:15: info: predicate check proved (Trivial: 1 VC)
test.adb:41:28: info: predicate check proved (Trivial: 1 VC)
test.adb:42:24: info: unrolling loop
test.adb:43:15: medium: precondition might fail
test.adb:45:07: info: precondition proved (CVC5: 1 VC)
test.adb:45:15: info: predicate check proved (Trivial: 1 VC)
test.adb:45:28: info: predicate check proved (Trivial: 1 VC)
test.adb:49:07: info: initialization of "X" proved
test.adb:49:10: info: initialization of "Y" proved
test.adb:51:07: info: precondition proved (CVC5: 1 VC)
test.adb:52:23: info: unrolling loop
test.adb:53:15: info: precondition proved (CVC5: 4 VC)
test.adb:55:07: info: precondition proved (CVC5: 1 VC)
test.adb:57:07: info: precondition proved (CVC5: 1 VC)
test.adb:58:12: info: precondition proved (CVC5: 1 VC)
test.adb:59:12: medium: precondition might fail
test.adb:60:07: info: precondition proved (Z3: 1 VC)
test.adb:61:12: info: precondition proved (Z3: 1 VC)
test.adb:62:07: medium: precondition might fail
test.adb:63:12: medium: precondition might fail
test.adb:64:07: medium: precondition might fail
test.adb:68:07: info: initialization of "X" proved
test.adb:68:10: info: initialization of "Y" proved
test.adb:70:07: info: precondition proved (CVC5: 1 VC)
test.adb:71:23: info: unrolling loop
test.adb:72:15: info: precondition proved (CVC5: 4 VC)
test.adb:74:07: info: precondition proved (CVC5: 1 VC)
test.adb:76:07: info: precondition proved (CVC5: 1 VC)
test.adb:77:12: info: precondition proved (CVC5: 1 VC)
test.adb:78:12: medium: precondition might fail
test.adb:79:07: info: precondition proved (Z3: 1 VC)
test.adb:80:12: medium: precondition might fail
test.adb:81:12: medium: precondition might fail
test.adb:82:07: info: precondition proved (Z3: 1 VC)
test.adb:86:07: info: initialization of "X" proved
test.adb:88:07: info: precondition proved (CVC5: 1 VC)
test.adb:89:12: info: precondition proved (CVC5: 1 VC)
test.adb:90:07: info: precondition proved (CVC5: 1 VC)
test.adb:94:07: info: initialization of "X" proved
test.adb:94:10: info: initialization of "Y" proved
test.adb:96:23: info: unrolling loop
test.adb:97:15: info: precondition proved (CVC5: 4 VC)
test.adb:100:12: info: precondition proved (CVC5: 1 VC)
test.adb:101:12: info: precondition proved (CVC5: 1 VC)
test.adb:102:07: info: precondition proved (CVC5: 1 VC)
test.adb:103:07: info: precondition proved (Z3: 1 VC)
test.adb:107:07: info: initialization of "X" proved
test.adb:107:10: info: initialization of "Y" proved
test.adb:107:13: info: initialization of "Z" proved
test.adb:109:23: info: unrolling loop
test.adb:110:15: info: precondition proved (CVC5: 4 VC)
test.adb:114:12: info: precondition proved (CVC5: 1 VC)
test.adb:115:12: info: precondition proved (CVC5: 1 VC)
test.adb:116:07: info: precondition proved (CVC5: 1 VC)
test.adb:117:12: info: precondition proved (CVC5: 1 VC)
test.adb:118:07: info: precondition proved (CVC5: 1 VC)
test.adb:122:07: info: initialization of "X" proved
test.adb:122:10: info: initialization of "Y" proved
test.adb:122:13: info: initialization of "Z" proved
test.adb:124:23: info: unrolling loop
test.adb:125:15: info: precondition proved (CVC5: 4 VC)
test.adb:127:23: info: unrolling loop
test.adb:128:15: info: precondition proved (CVC5: 4 VC)
test.adb:130:23: info: unrolling loop
test.adb:131:15: medium: precondition might fail
test.adb:133:07: medium: precondition might fail
test.adb:134:12: medium: precondition might fail
test.adb:135:07: medium: precondition might fail
test.adb:139:07: info: initialization of "X" proved
test.adb:141:07: info: precondition proved (CVC5: 1 VC)
test.adb:142:12: info: precondition proved (CVC5: 1 VC)
test.adb:143:07: info: precondition proved (CVC5: 1 VC)
test.adb:144:12: info: precondition proved (CVC5: 1 VC)
test.adb:145:07: info: precondition proved (CVC5: 1 VC)
test.adb:149:07: info: initialization of "X" proved
test.adb:149:10: info: initialization of "Y" proved
test.adb:149:13: info: initialization of "Z" proved
test.adb:151:23: info: unrolling loop
test.adb:152:15: info: precondition proved (CVC5: 3 VC)
test.adb:154:23: info: unrolling loop
test.adb:155:15: info: precondition proved (CVC5: 3 VC)
test.adb:157:23: info: unrolling loop
test.adb:158:15: medium: precondition might fail
test.adb:160:07: medium: precondition might fail
test.adb:161:12: medium: precondition might fail
test.adb:162:07: medium: precondition might fail
test.adb:163:12: info: precondition proved (Z3: 1 VC)
test.adb:164:07: info: precondition proved (Z3: 1 VC)
test.adb:168:07: info: initialization of "X" proved
test.adb:168:10: info: initialization of "Y" proved
test.adb:170:23: info: unrolling loop
test.adb:171:15: info: precondition proved (CVC5: 3 VC)
test.adb:173:23: info: unrolling loop
test.adb:174:15: info: precondition proved (CVC5: 3 VC)
test.adb:176:07: info: precondition proved (CVC5: 1 VC)
test.adb:177:12: info: precondition proved (CVC5: 1 VC)
test.adb:178:07: info: precondition proved (Z3: 1 VC)
test.adb:183:07: info: initialization of "X" proved
test.adb:183:10: info: initialization of "Y" proved
test.adb:185:07: info: precondition proved (CVC5: 1 VC)
test.adb:185:15: info: predicate check proved (Trivial: 1 VC)
test.adb:185:37: info: predicate check proved (Trivial: 1 VC)
test.adb:186:23: info: unrolling loop
test.adb:187:15: info: precondition proved (CVC5: 4 VC)
test.adb:189:07: info: precondition proved (CVC5: 1 VC)
test.adb:189:15: info: predicate check proved (Trivial: 1 VC)
test.adb:189:37: info: predicate check proved (Trivial: 1 VC)
test.adb:189:43: info: predicate check proved (Trivial: 1 VC)
test.adb:189:65: info: predicate check proved (Trivial: 1 VC)
test.adb:190:23: info: unrolling loop
test.adb:191:15: info: precondition proved (CVC5: 2 VC)
test.adb:193:07: info: precondition proved (Z3: 1 VC)
test.adb:193:15: info: predicate check proved (Trivial: 1 VC)
test.adb:193:37: info: predicate check proved (Trivial: 1 VC)
test.adb:193:43: info: predicate check proved (Trivial: 1 VC)
test.adb:193:65: info: predicate check proved (Trivial: 1 VC)
test.adb:194:23: info: unrolling loop
test.adb:195:15: medium: precondition might fail
test.adb:197:07: medium: precondition might fail
test.adb:197:15: info: predicate check proved (Trivial: 1 VC)
test.adb:197:37: info: predicate check proved (Trivial: 1 VC)
test.adb:197:43: info: predicate check proved (Trivial: 1 VC)
test.adb:197:65: info: predicate check proved (Trivial: 1 VC)
test.adb:198:23: info: unrolling loop
test.adb:199:15: info: precondition proved (Z3: 2 VC)
test.adb:201:07: medium: precondition might fail
test.adb:201:15: info: predicate check proved (Trivial: 1 VC)
test.adb:201:37: info: predicate check proved (Trivial: 1 VC)
test.adb:201:43: info: predicate check proved (Trivial: 1 VC)
test.adb:201:65: info: predicate check proved (Trivial: 1 VC)
test.adb:208:07: info: precondition proved (CVC5: 1 VC)
test.adb:208:15: info: predicate check proved (Trivial: 1 VC)
test.adb:208:28: info: predicate check proved (Trivial: 1 VC)
test.adb:213:07: info: initialization of "X" proved
test.adb:213:10: info: initialization of "Y" proved
test.adb:216:12: info: precondition proved (CVC5: 1 VC)
test.adb:217:12: info: precondition proved (CVC5: 1 VC)
test.adb:218:07: info: precondition proved (CVC5: 1 VC)
test.adb:218:15: info: predicate check proved (Trivial: 1 VC)
test.adb:218:28: info: predicate check proved (Trivial: 1 VC)
test.adb:219:07: info: precondition proved (CVC5: 1 VC)
test.adb:220:07: info: precondition proved (CVC5: 1 VC)
test.adb:225:07: info: initialization of "X" proved
test.adb:227:24: info: unrolling loop
test.adb:228:15: medium: precondition might fail
test.adb:230:12: info: precondition proved (CVC5: 1 VC)
test.adb:231:07: info: precondition proved (CVC5: 1 VC)
test.adb:231:15: info: predicate check proved (Trivial: 1 VC)
test.adb:231:28: info: predicate check proved (Trivial: 1 VC)
test.adb:232:07: info: precondition proved (CVC5: 1 VC)
test.adb:233:07: medium: precondition might fail
test.adb:237:07: info: initialization of "X" proved
test.adb:237:10: info: initialization of "Y" proved
test.adb:237:13: info: initialization of "Z" proved
test.adb:239:07: info: precondition proved (CVC5: 1 VC)
test.adb:240:23: info: unrolling loop
test.adb:241:15: info: precondition proved (CVC5: 4 VC)
test.adb:243:07: info: precondition proved (Z3: 1 VC)
test.adb:244:23: info: unrolling loop
test.adb:245:15: info: precondition proved (CVC5: 2 VC)
test.adb:247:07: info: precondition proved (Z3: 1 VC)
test.adb:249:23: info: unrolling loop
test.adb:250:15: medium: precondition might fail
test.adb:252:07: medium: precondition might fail
test.adb:253:23: info: unrolling loop
test.adb:254:15: info: precondition proved (Z3: 2 VC)
test.adb:256:07: medium: precondition might fail
test.adb:260:07: info: initialization of "X" proved
test.adb:260:10: info: initialization of "Y" proved
test.adb:260:13: info: initialization of "Z" proved
test.adb:262:07: info: precondition proved (CVC5: 1 VC)
test.adb:263:23: info: unrolling loop
test.adb:264:15: info: precondition proved (CVC5: 3 VC; Z3: 1 VC)
test.adb:266:07: info: precondition proved (CVC5: 1 VC)
test.adb:267:23: info: unrolling loop
test.adb:268:15: info: precondition proved (CVC5: 1 VC; Z3: 1 VC)
test.adb:270:07: info: precondition proved (Z3: 1 VC)
test.adb:272:23: info: unrolling loop
test.adb:273:15: medium: precondition might fail
test.adb:274:15: medium: precondition might fail
test.adb:276:07: info: precondition proved (Z3: 1 VC)
test.adb:277:23: info: unrolling loop
test.adb:278:15: info: precondition proved (Z3: 2 VC)
test.adb:280:07: info: precondition proved (Z3: 1 VC)
test.adb:284:07: info: initialization of "B" proved
test.adb:285:07: info: initialization of "X" proved
test.adb:287:24: info: unrolling loop
test.adb:288:15: medium: precondition might fail
test.adb:290:07: info: precondition proved (CVC5: 1 VC)
test.adb:291:11: info: precondition proved (CVC5: 1 VC)
test.adb:291:11: info: precondition proved (CVC5: 2 VC)
test.adb:291:11: info: precondition proved (Trivial: 1 VC)
test.adb:292:10: info: precondition proved (Z3: 1 VC)
test.adb:295:11: info: precondition proved (CVC5: 2 VC)
test.adb:295:11: info: precondition proved (Trivial: 1 VC)
test.adb:296:33: info: loop invariant initialization proved (CVC5: 1 VC; Z3: 1 VC)
test.adb:296:33: info: loop invariant preservation proved (Z3: 2 VC)
test.adb:297:30: info: precondition proved (CVC5: 1 VC)
test.adb:301:07: medium: precondition might fail
test.adb:306:18: info: elements shall be distinct for set aggregates at spark-containers-functional-sets.ads:72, in instantiation at inst.ads:4
test.adb:306:18: info: precondition proved (CVC5: 10 VC)
test.adb:308:07: info: precondition proved (CVC5: 1 VC)
test.adb:308:15: info: predicate check proved (Trivial: 1 VC)
test.adb:308:28: info: predicate check proved (Trivial: 1 VC)
test.adb:309:07: info: precondition proved (CVC5: 1 VC)
