main.adb:25:13: info: implicit terminating annotation on "Hash" has been proved, subprogram will terminate
