inst.ads:6:13: info: implicit aspect Always_Terminates on "Witness" has been proved, subprogram will terminate
inst.ads:6:56: info: division check proved (CVC5: 1 VC)
inst.ads:7:13: info: implicit aspect Always_Terminates on "Hash" has been proved, subprogram will terminate
inst.ads:7:66: info: division check proved (CVC5: 1 VC)
inst.ads:7:66: info: range check proved (CVC5: 1 VC)
inst.ads:8:13: info: implicit aspect Always_Terminates on "Eq" has been proved, subprogram will terminate
inst.ads:8:55: info: division check proved (CVC5: 1 VC)
inst.ads:8:70: info: division check proved (CVC5: 1 VC)
inst.ads:9:13: info: implicit aspect Always_Terminates on "Equivalent" has been proved, subprogram will terminate
spark-containers-parameter_checks.ads:246:19: medium: postcondition might fail, in instantiation at spark-containers-formal-hashed_maps.ads:148, in instantiation at inst.ads:10
test.adb:26:14: info: postcondition proved (CVC5: 1 VC; Z3: 4 VC)
test.adb:29:29: info: precondition proved (CVC5: 1 VC)
test.adb:32:23: info: unrolling loop [info-unrolling-inlining]
test.adb:33:10: info: precondition proved (CVC5: 7 VC; Z3: 3 VC)
test.adb:39:14: info: postcondition proved (CVC5: 2 VC; Z3: 6 VC)
test.adb:42:29: info: precondition proved (CVC5: 1 VC)
test.adb:45:23: info: unrolling loop [info-unrolling-inlining]
test.adb:46:10: info: precondition proved (CVC5: 7 VC; Z3: 3 VC)
test.adb:53:07: info: precondition proved (CVC5: 1 VC)
test.adb:57:07: info: initialization of "X" proved
test.adb:57:16: info: range check proved (CVC5: 2 VC)
test.adb:57:22: info: range check proved (CVC5: 2 VC)
test.adb:59:07: info: precondition proved (CVC5: 1 VC)
test.adb:60:07: info: precondition proved (CVC5: 1 VC)
test.adb:61:07: info: precondition proved (CVC5: 1 VC)
test.adb:65:07: info: initialization of "X" proved
test.adb:65:10: info: initialization of "Y" proved
test.adb:65:13: info: initialization of "Z" proved
test.adb:65:22: info: range check proved (CVC5: 2 VC)
test.adb:65:28: info: range check proved (CVC5: 2 VC)
test.adb:67:07: info: precondition proved (CVC5: 1 VC)
test.adb:69:07: info: precondition proved (CVC5: 1 VC)
test.adb:70:07: info: precondition proved (Z3: 1 VC)
test.adb:72:07: info: precondition proved (CVC5: 2 VC)
test.adb:73:07: info: precondition proved (Z3: 1 VC)
test.adb:75:12: info: discriminant check proved (CVC5: 1 VC)
test.adb:76:07: info: precondition proved (Z3: 1 VC)
test.adb:77:07: info: precondition proved (Z3: 1 VC)
test.adb:79:12: info: discriminant check proved (CVC5: 1 VC)
test.adb:80:07: info: precondition proved (CVC5: 1 VC; Z3: 1 VC)
test.adb:81:07: info: precondition proved (CVC5: 1 VC; Z3: 1 VC)
test.adb:82:07: info: precondition proved (Z3: 1 VC)
test.adb:84:12: info: discriminant check proved (CVC5: 1 VC)
test.adb:85:12: info: discriminant check proved (CVC5: 1 VC)
test.adb:86:07: info: precondition proved (CVC5: 1 VC; Z3: 1 VC)
test.adb:87:07: info: precondition proved (CVC5: 1 VC; Z3: 1 VC)
test.adb:88:07: medium: precondition might fail
test.adb:90:12: info: discriminant check proved (CVC5: 1 VC)
test.adb:91:12: info: discriminant check proved (CVC5: 1 VC)
test.adb:92:07: info: precondition proved (CVC5: 1 VC; Z3: 1 VC)
test.adb:93:07: medium: precondition might fail, cannot prove not Contains (Container, Key)
test.adb:94:07: info: precondition proved (Z3: 1 VC)
test.adb:96:12: info: discriminant check proved (CVC5: 1 VC)
test.adb:97:12: info: discriminant check proved (CVC5: 1 VC)
test.adb:98:07: info: precondition proved (CVC5: 1 VC; Z3: 1 VC)
test.adb:99:07: info: precondition proved (CVC5: 1 VC; Z3: 1 VC)
test.adb:100:07: info: precondition proved (Z3: 1 VC)
test.adb:104:07: info: initialization of "X" proved
test.adb:104:16: info: range check proved (CVC5: 2 VC)
test.adb:104:22: info: range check proved (CVC5: 2 VC)
test.adb:106:07: info: precondition proved (CVC5: 1 VC)
test.adb:110:07: info: initialization of "X" proved
test.adb:110:16: info: range check proved (CVC5: 2 VC)
test.adb:110:22: info: range check proved (CVC5: 2 VC)
test.adb:112:07: info: precondition proved (CVC5: 1 VC)
test.adb:113:07: info: precondition proved (CVC5: 1 VC)
test.adb:114:07: info: precondition proved (CVC5: 1 VC)
test.adb:115:07: info: precondition proved (CVC5: 1 VC)
test.adb:116:07: info: precondition proved (CVC5: 1 VC)
test.adb:117:07: info: precondition proved (CVC5: 1 VC)
test.adb:121:07: info: initialization of "X" proved
test.adb:121:16: info: range check proved (CVC5: 2 VC)
test.adb:121:22: info: range check proved (CVC5: 2 VC)
test.adb:123:07: info: precondition proved (CVC5: 1 VC)
test.adb:124:07: info: precondition proved (CVC5: 1 VC)
test.adb:125:07: info: precondition proved (CVC5: 1 VC)
test.adb:129:07: info: initialization of "X" proved
test.adb:129:16: info: range check proved (CVC5: 2 VC)
test.adb:129:22: info: range check proved (CVC5: 2 VC)
test.adb:132:07: info: precondition proved (CVC5: 1 VC)
test.adb:133:07: info: precondition proved (CVC5: 1 VC)
test.adb:135:07: info: precondition proved (CVC5: 1 VC)
test.adb:139:07: info: initialization of "X" proved
test.adb:139:10: info: initialization of "Y" proved
test.adb:139:19: info: range check proved (CVC5: 2 VC)
test.adb:139:25: info: range check proved (CVC5: 2 VC)
test.adb:141:07: info: precondition proved (CVC5: 1 VC)
test.adb:142:07: info: precondition proved (CVC5: 1 VC)
test.adb:143:07: info: precondition proved (CVC5: 1 VC)
test.adb:144:07: info: precondition proved (CVC5: 1 VC)
test.adb:145:23: info: unrolling loop [info-unrolling-inlining]
test.adb:146:10: info: precondition proved (CVC5: 4 VC; Z3: 2 VC)
test.adb:148:07: info: precondition proved (CVC5: 1 VC)
test.adb:149:07: info: precondition proved (Z3: 1 VC)
test.adb:153:07: info: initialization of "X" proved
test.adb:153:16: info: range check proved (CVC5: 2 VC)
test.adb:153:22: info: range check proved (CVC5: 2 VC)
test.adb:156:30: info: precondition proved (CVC5: 1 VC)
test.adb:158:10: info: precondition proved (CVC5: 1 VC)
test.adb:160:07: info: precondition proved (CVC5: 1 VC)
test.adb:162:30: info: precondition proved (CVC5: 1 VC)
test.adb:164:10: info: precondition proved (Z3: 1 VC)
test.adb:169:07: info: initialization of "X" proved
test.adb:169:16: info: range check proved (CVC5: 2 VC)
test.adb:169:22: info: range check proved (CVC5: 2 VC)
test.adb:171:07: info: precondition proved (CVC5: 1 VC)
test.adb:172:07: info: precondition proved (CVC5: 1 VC)
test.adb:172:15: info: precondition proved (CVC5: 1 VC)
test.adb:177:07: info: initialization of "X" proved
test.adb:177:16: info: range check proved (CVC5: 2 VC)
test.adb:177:22: info: range check proved (CVC5: 2 VC)
test.adb:179:07: info: precondition proved (CVC5: 1 VC)
test.adb:180:07: info: precondition proved (CVC5: 1 VC)
test.adb:180:15: info: precondition proved (CVC5: 1 VC)
test.adb:180:49: info: precondition proved (CVC5: 1 VC)
test.adb:185:07: info: initialization of "X" proved
test.adb:185:16: info: range check proved (CVC5: 2 VC)
test.adb:185:22: info: range check proved (CVC5: 2 VC)
test.adb:187:07: info: precondition proved (CVC5: 1 VC)
test.adb:188:07: info: precondition proved (CVC5: 1 VC)
test.adb:188:15: info: precondition proved (CVC5: 1 VC)
test.adb:192:07: info: initialization of "X" proved
test.adb:192:21: info: range check proved (CVC5: 2 VC)
test.adb:192:27: info: range check proved (CVC5: 2 VC)
test.adb:193:07: info: initialization of "P1" proved
test.adb:193:11: info: initialization of "P2" proved
test.adb:194:07: info: initialization of "E1" proved
test.adb:195:07: info: initialization of "K1" proved
test.adb:195:11: info: initialization of "K2" proved
test.adb:197:07: info: precondition proved (CVC5: 1 VC)
test.adb:199:13: info: precondition proved (CVC5: 1 VC)
test.adb:200:13: info: precondition proved (CVC5: 1 VC)
test.adb:201:13: info: precondition proved (CVC5: 1 VC)
test.adb:202:13: info: precondition proved (CVC5: 1 VC)
test.adb:204:07: info: precondition proved (CVC5: 1 VC)
test.adb:206:07: info: precondition proved (CVC5: 1 VC)
test.adb:206:15: info: precondition proved (CVC5: 1 VC)
test.adb:207:07: info: precondition proved (CVC5: 1 VC)
test.adb:208:07: info: precondition proved (CVC5: 1 VC)
test.adb:208:15: info: precondition proved (CVC5: 1 VC)
test.adb:208:36: info: precondition proved (CVC5: 1 VC)
test.adb:209:07: info: precondition proved (Z3: 1 VC)
test.adb:209:15: info: precondition proved (CVC5: 1 VC)
test.adb:214:07: info: initialization of "X" proved
test.adb:214:25: info: range check proved (CVC5: 2 VC)
test.adb:214:31: info: range check proved (CVC5: 2 VC)
test.adb:215:07: info: initialization of "P1" proved
test.adb:216:07: info: initialization of "E1" proved
test.adb:218:07: info: precondition proved (CVC5: 1 VC)
test.adb:220:13: info: precondition proved (CVC5: 1 VC)
test.adb:222:07: info: precondition proved (CVC5: 1 VC)
test.adb:222:15: info: precondition proved (CVC5: 1 VC)
test.adb:227:07: info: initialization of "X" proved
test.adb:227:25: info: range check proved (CVC5: 2 VC)
test.adb:227:31: info: range check proved (CVC5: 2 VC)
test.adb:228:07: warning: unused variable "P1"
test.adb:230:07: info: precondition proved (CVC5: 1 VC)
test.adb:232:07: info: precondition proved (CVC5: 1 VC)
test.adb:232:15: info: precondition proved (CVC5: 1 VC)
test.adb:237:07: info: initialization of "X" proved
test.adb:237:29: info: range check proved (CVC5: 2 VC)
test.adb:237:35: info: range check proved (CVC5: 2 VC)
test.adb:238:07: info: initialization of "P2" proved
test.adb:239:07: info: initialization of "P4" proved
test.adb:240:07: info: initialization of "K2" proved
test.adb:240:11: info: initialization of "K4" proved
test.adb:241:07: info: initialization of "E2" proved
test.adb:241:11: info: initialization of "E4" proved
test.adb:243:07: info: precondition proved (CVC5: 1 VC)
test.adb:244:13: info: precondition proved (CVC5: 1 VC)
test.adb:245:13: info: precondition proved (CVC5: 1 VC)
test.adb:246:13: info: precondition proved (CVC5: 1 VC)
test.adb:247:13: info: precondition proved (CVC5: 1 VC)
test.adb:247:22: info: precondition proved (CVC5: 1 VC)
test.adb:248:13: info: precondition proved (CVC5: 1 VC)
test.adb:249:13: info: precondition proved (CVC5: 1 VC)
test.adb:252:32: info: precondition proved (CVC5: 1 VC)
test.adb:252:43: info: discriminant check proved (CVC5: 1 VC)
test.adb:252:43: info: in reconstructed value at the end of the borrow at test.adb:252
test.adb:254:10: info: precondition proved (CVC5: 1 VC)
test.adb:254:20: info: pointer dereference check proved (CVC5: 1 VC)
test.adb:255:12: info: pointer dereference check proved (CVC5: 1 VC)
test.adb:260:07: info: precondition proved (Z3: 1 VC)
test.adb:260:44: info: precondition proved (CVC5: 1 VC)
test.adb:261:07: info: precondition proved (Z3: 1 VC)
test.adb:261:15: info: precondition proved (Z3: 1 VC)
test.adb:262:07: info: precondition proved (Z3: 1 VC)
test.adb:263:07: info: precondition proved (Z3: 1 VC)
test.adb:263:44: info: precondition proved (CVC5: 1 VC)
test.adb:263:70: info: precondition proved (CVC5: 1 VC)
test.adb:264:07: info: precondition proved (Z3: 1 VC)
test.adb:264:20: info: precondition proved (CVC5: 1 VC)
test.adb:264:49: info: precondition proved (CVC5: 1 VC)
test.adb:264:58: info: precondition proved (Z3: 1 VC)
test.adb:269:07: info: initialization of "X" proved
test.adb:269:24: info: range check proved (CVC5: 2 VC)
test.adb:269:30: info: range check proved (CVC5: 2 VC)
test.adb:271:07: info: precondition proved (CVC5: 1 VC)
test.adb:274:32: info: precondition proved (CVC5: 1 VC)
test.adb:274:43: info: discriminant check proved (CVC5: 1 VC)
test.adb:274:43: info: in reconstructed value at the end of the borrow at test.adb:274
test.adb:276:10: info: precondition proved (Z3: 1 VC)
test.adb:276:20: info: pointer dereference check proved (CVC5: 1 VC)
test.adb:277:12: info: pointer dereference check proved (CVC5: 1 VC)
test.adb:282:07: info: precondition proved (CVC5: 1 VC)
test.adb:282:15: info: precondition proved (Z3: 1 VC)
test.adb:283:07: info: precondition proved (Z3: 1 VC)
test.adb:284:07: info: precondition proved (Z3: 1 VC)
test.adb:284:15: info: precondition proved (Z3: 1 VC)
test.adb:288:07: info: initialization of "X" proved
test.adb:288:10: info: initialization of "Y" proved
test.adb:288:19: info: range check proved (CVC5: 2 VC)
test.adb:288:25: info: range check proved (CVC5: 2 VC)
test.adb:290:07: info: precondition proved (CVC5: 1 VC)
test.adb:291:07: info: precondition proved (CVC5: 1 VC)
test.adb:292:07: info: precondition proved (CVC5: 1 VC)
test.adb:293:07: info: precondition proved (CVC5: 1 VC)
test.adb:294:23: info: unrolling loop [info-unrolling-inlining]
test.adb:295:10: info: precondition proved (CVC5: 4 VC; Z3: 2 VC)
test.adb:297:07: info: precondition proved (CVC5: 1 VC)
test.adb:298:07: info: precondition proved (CVC5: 1 VC)
test.adb:303:07: info: initialization of "X" proved
test.adb:303:10: info: initialization of "Y" proved
test.adb:303:36: info: range check proved (CVC5: 2 VC)
test.adb:303:42: info: range check proved (CVC5: 2 VC)
test.adb:304:07: info: initialization of "P1" proved
test.adb:304:11: info: initialization of "P11" proved
test.adb:304:16: info: initialization of "P21" proved
test.adb:304:21: info: initialization of "P31" proved
test.adb:304:26: info: initialization of "P2" proved
test.adb:305:07: info: initialization of "B1" proved
test.adb:305:11: info: initialization of "B2" proved
test.adb:305:15: info: initialization of "B3" proved
test.adb:307:07: info: precondition proved (CVC5: 1 VC)
test.adb:308:07: info: precondition proved (CVC5: 1 VC)
test.adb:309:07: info: precondition proved (Z3: 1 VC)
test.adb:310:07: info: precondition proved (Z3: 1 VC)
test.adb:310:15: info: precondition proved (CVC5: 1 VC)
test.adb:311:07: info: precondition proved (Z3: 1 VC)
test.adb:311:15: info: precondition proved (CVC5: 1 VC)
test.adb:312:12: info: discriminant check proved (CVC5: 1 VC)
test.adb:314:07: info: precondition proved (Z3: 1 VC)
test.adb:315:07: info: precondition proved (Z3: 1 VC)
test.adb:316:07: info: precondition proved (Z3: 1 VC)
test.adb:317:07: medium: precondition might fail
test.adb:318:07: medium: precondition might fail
test.adb:319:07: medium: precondition might fail
test.adb:319:15: info: precondition proved (Z3: 1 VC)
test.adb:319:38: info: precondition proved (Z3: 1 VC)
test.adb:319:61: info: precondition proved (CVC5: 1 VC)
test.adb:320:07: medium: precondition might fail
test.adb:320:15: info: precondition proved (Z3: 1 VC)
test.adb:320:42: info: precondition proved (Z3: 1 VC)
test.adb:320:69: info: precondition proved (CVC5: 1 VC)
test.adb:322:07: info: precondition proved (Z3: 1 VC)
test.adb:323:07: medium: precondition might fail [possible fix: postcondition of call at line 322 should mention Inserted (for argument B1)]
test.adb:324:07: medium: precondition might fail
test.adb:325:07: medium: precondition might fail
test.adb:325:15: info: precondition proved (CVC5: 1 VC)
test.adb:326:07: medium: precondition might fail
test.adb:326:15: info: precondition proved (CVC5: 1 VC)
test.adb:327:07: info: precondition proved (Z3: 1 VC)
test.adb:327:15: info: precondition proved (Z3: 1 VC)
test.adb:328:07: medium: precondition might fail
test.adb:328:15: info: precondition proved (Z3: 1 VC)
test.adb:330:07: info: precondition proved (Z3: 1 VC)
test.adb:331:07: medium: precondition might fail
test.adb:332:07: medium: precondition might fail
test.adb:333:07: medium: precondition might fail
test.adb:334:07: medium: precondition might fail
test.adb:334:15: info: precondition proved (CVC5: 1 VC)
test.adb:334:35: info: precondition proved (CVC5: 1 VC)
test.adb:339:07: info: initialization of "X" proved
test.adb:339:10: info: initialization of "Y" proved
test.adb:339:22: info: range check proved (CVC5: 2 VC)
test.adb:339:28: info: range check proved (CVC5: 2 VC)
test.adb:340:07: info: initialization of "P21" proved
test.adb:340:12: info: initialization of "P2" proved
test.adb:342:07: info: precondition proved (CVC5: 2 VC)
test.adb:343:07: info: precondition proved (CVC5: 1 VC)
test.adb:344:07: info: precondition proved (CVC5: 1 VC)
test.adb:345:07: info: precondition proved (CVC5: 1 VC)
test.adb:345:15: info: precondition proved (CVC5: 1 VC)
test.adb:347:07: info: precondition proved (CVC5: 1 VC; Z3: 1 VC)
test.adb:348:07: info: precondition proved (CVC5: 1 VC; Z3: 1 VC)
test.adb:349:07: info: precondition proved (CVC5: 1 VC; Z3: 1 VC)
test.adb:350:07: info: precondition proved (Z3: 1 VC)
test.adb:351:07: info: precondition proved (Z3: 1 VC)
test.adb:352:07: info: precondition proved (Z3: 1 VC)
test.adb:352:15: info: precondition proved (Z3: 1 VC)
test.adb:352:42: info: precondition proved (Z3: 1 VC)
test.adb:352:69: info: precondition proved (CVC5: 1 VC)
test.adb:354:07: info: precondition proved (Z3: 2 VC)
test.adb:355:07: info: precondition proved (Z3: 2 VC)
test.adb:356:07: info: precondition proved (Z3: 1 VC)
test.adb:357:07: info: precondition proved (CVC5: 1 VC)
test.adb:358:07: info: precondition proved (CVC5: 1 VC)
test.adb:358:15: info: precondition proved (CVC5: 1 VC)
test.adb:359:07: info: precondition proved (Z3: 1 VC)
test.adb:359:15: info: precondition proved (Z3: 1 VC)
test.adb:363:07: info: precondition proved (Z3: 1 VC)
test.adb:363:15: info: precondition proved (CVC5: 1 VC)
test.adb:363:35: info: precondition proved (Z3: 1 VC)
test.adb:367:07: info: initialization of "X" proved
test.adb:367:10: info: initialization of "Y" proved
test.adb:367:22: info: range check proved (CVC5: 2 VC)
test.adb:367:28: info: range check proved (CVC5: 2 VC)
test.adb:368:07: info: initialization of "P21" proved
test.adb:368:12: info: initialization of "P2" proved
test.adb:370:07: info: precondition proved (CVC5: 1 VC)
test.adb:371:07: info: precondition proved (CVC5: 1 VC)
test.adb:372:07: info: precondition proved (CVC5: 1 VC)
test.adb:373:07: info: precondition proved (CVC5: 1 VC)
test.adb:373:15: info: precondition proved (CVC5: 1 VC)
test.adb:375:07: info: precondition proved (CVC5: 1 VC)
test.adb:376:07: info: precondition proved (CVC5: 1 VC)
test.adb:377:07: info: precondition proved (Z3: 1 VC)
test.adb:378:07: medium: precondition might fail
test.adb:379:07: info: precondition proved (Z3: 1 VC)
test.adb:380:07: info: precondition proved (Z3: 1 VC)
test.adb:380:15: info: precondition proved (Z3: 1 VC)
test.adb:380:42: info: precondition proved (Z3: 1 VC)
test.adb:380:69: info: precondition proved (CVC5: 1 VC)
test.adb:382:07: info: precondition proved (Z3: 1 VC)
test.adb:383:07: info: precondition proved (Z3: 1 VC)
test.adb:384:07: medium: precondition might fail
test.adb:385:07: info: precondition proved (CVC5: 1 VC)
test.adb:386:07: info: precondition proved (CVC5: 1 VC)
test.adb:386:15: info: precondition proved (CVC5: 1 VC)
test.adb:387:07: info: precondition proved (Z3: 1 VC)
test.adb:391:07: medium: precondition might fail
test.adb:391:15: info: precondition proved (Z3: 1 VC)
test.adb:391:35: info: precondition proved (Z3: 1 VC)
test.adb:393:07: info: precondition proved (Z3: 1 VC)
test.adb:394:07: info: precondition proved (Z3: 1 VC)
test.adb:395:07: medium: precondition might fail
test.adb:396:07: info: precondition proved (Z3: 1 VC)
test.adb:396:15: info: precondition proved (CVC5: 1 VC)
test.adb:396:44: info: precondition proved (CVC5: 1 VC)
test.adb:397:07: medium: precondition might fail
test.adb:397:15: info: precondition proved (Z3: 1 VC)
test.adb:397:38: info: precondition proved (Z3: 1 VC)
test.adb:401:07: info: initialization of "X" proved
test.adb:401:10: info: initialization of "Y" proved
test.adb:401:19: info: range check proved (CVC5: 2 VC)
test.adb:401:25: info: range check proved (CVC5: 2 VC)
test.adb:402:07: info: initialization of "P" proved
test.adb:402:10: info: initialization of "Q" proved
test.adb:404:07: info: precondition proved (CVC5: 1 VC)
test.adb:407:07: info: precondition proved (Z3: 1 VC)
test.adb:409:07: info: precondition proved (CVC5: 1 VC)
test.adb:410:07: info: precondition proved (Z3: 1 VC)
test.adb:410:15: info: precondition proved (CVC5: 1 VC)
test.adb:411:07: info: precondition proved (CVC5: 1 VC)
test.adb:411:15: info: precondition proved (Z3: 1 VC)
test.adb:412:07: info: precondition proved (Z3: 1 VC)
test.adb:412:15: info: precondition proved (CVC5: 1 VC)
test.adb:412:34: info: precondition proved (Z3: 1 VC)
test.adb:414:07: info: precondition proved (CVC5: 1 VC)
test.adb:417:07: info: precondition proved (Z3: 1 VC)
test.adb:419:07: info: precondition proved (Z3: 1 VC)
test.adb:420:07: info: precondition proved (Z3: 1 VC)
test.adb:420:15: info: precondition proved (CVC5: 1 VC)
test.adb:421:07: info: precondition proved (CVC5: 1 VC)
test.adb:421:15: info: precondition proved (Z3: 1 VC)
test.adb:422:07: medium: precondition might fail
test.adb:422:15: info: precondition proved (CVC5: 1 VC)
test.adb:422:36: info: precondition proved (Z3: 1 VC)
test.adb:426:07: info: initialization of "X" proved
test.adb:426:10: info: initialization of "Y" proved
test.adb:426:19: info: range check proved (CVC5: 2 VC)
test.adb:426:25: info: range check proved (CVC5: 2 VC)
test.adb:427:07: info: initialization of "Q" proved
test.adb:430:07: info: precondition proved (CVC5: 1 VC)
test.adb:432:07: info: precondition proved (CVC5: 1 VC)
test.adb:435:07: info: precondition proved (Z3: 1 VC)
test.adb:438:22: info: assertion proved (Z3: 1 VC)
test.adb:441:07: medium: precondition might fail
test.adb:442:07: info: precondition proved (Z3: 1 VC)
test.adb:443:07: medium: precondition might fail
test.adb:443:15: info: precondition proved (Z3: 1 VC)
test.adb:444:07: medium: precondition might fail
test.adb:444:15: info: precondition proved (Z3: 1 VC)
test.adb:446:07: info: precondition proved (CVC5: 1 VC)
test.adb:449:07: medium: precondition might fail
test.adb:452:22: info: assertion proved (Z3: 1 VC)
test.adb:455:07: medium: precondition might fail
test.adb:456:07: info: precondition proved (Z3: 1 VC)
test.adb:457:07: medium: precondition might fail
test.adb:457:15: info: precondition proved (Z3: 1 VC)
test.adb:458:07: medium: precondition might fail
test.adb:458:15: info: precondition proved (Z3: 1 VC)
test.adb:463:07: info: initialization of "X" proved
test.adb:463:10: info: initialization of "Y" proved
test.adb:463:19: info: range check proved (CVC5: 2 VC)
test.adb:463:25: info: range check proved (CVC5: 2 VC)
test.adb:464:07: info: initialization of "Q" proved
test.adb:466:07: info: precondition proved (CVC5: 1 VC)
test.adb:468:07: medium: precondition might fail
test.adb:470:07: info: precondition proved (CVC5: 1 VC)
test.adb:471:07: info: precondition proved (Z3: 1 VC)
test.adb:472:07: info: precondition proved (Z3: 1 VC)
test.adb:472:15: info: precondition proved (Z3: 1 VC)
test.adb:473:07: info: precondition proved (Z3: 1 VC)
test.adb:473:15: info: precondition proved (Z3: 1 VC)
test.adb:475:07: info: precondition proved (CVC5: 1 VC)
test.adb:477:07: info: precondition proved (Z3: 1 VC)
test.adb:479:07: info: precondition proved (CVC5: 1 VC)
test.adb:480:07: info: precondition proved (Z3: 1 VC)
test.adb:481:07: info: precondition proved (Z3: 1 VC)
test.adb:481:15: info: precondition proved (Z3: 1 VC)
test.adb:482:07: info: precondition proved (Z3: 1 VC)
test.adb:482:15: info: precondition proved (Z3: 1 VC)
test.adb:487:07: info: initialization of "X" proved
test.adb:487:10: info: initialization of "Y" proved
test.adb:487:19: info: range check proved (CVC5: 2 VC)
test.adb:487:25: info: range check proved (CVC5: 2 VC)
test.adb:488:07: info: initialization of "P" proved
test.adb:488:10: info: initialization of "Q" proved
test.adb:490:07: info: precondition proved (CVC5: 1 VC)
test.adb:493:07: medium: precondition might fail
test.adb:495:07: info: precondition proved (CVC5: 1 VC)
test.adb:496:07: info: precondition proved (Z3: 1 VC)
test.adb:497:07: info: precondition proved (Z3: 1 VC)
test.adb:497:15: info: precondition proved (Z3: 1 VC)
test.adb:498:07: info: precondition proved (Z3: 1 VC)
test.adb:498:15: info: precondition proved (Z3: 1 VC)
test.adb:500:07: info: precondition proved (CVC5: 1 VC)
test.adb:503:07: info: precondition proved (Z3: 1 VC)
test.adb:505:07: info: precondition proved (CVC5: 1 VC)
test.adb:506:07: info: precondition proved (Z3: 1 VC)
test.adb:507:07: info: precondition proved (Z3: 1 VC)
test.adb:507:15: info: precondition proved (Z3: 1 VC)
test.adb:508:07: info: precondition proved (Z3: 1 VC)
test.adb:508:15: info: precondition proved (Z3: 1 VC)
test.adb:512:07: info: initialization of "X" proved
test.adb:512:16: info: range check proved (CVC5: 2 VC)
test.adb:512:22: info: range check proved (CVC5: 2 VC)
test.adb:514:07: info: precondition proved (CVC5: 1 VC)
test.adb:515:07: info: precondition proved (CVC5: 1 VC)
test.adb:516:07: info: precondition proved (CVC5: 1 VC)
test.adb:516:46: info: precondition proved (CVC5: 1 VC)
test.adb:520:07: info: initialization of "X" proved
test.adb:520:10: info: initialization of "Y" proved
test.adb:520:19: info: range check proved (CVC5: 2 VC)
test.adb:520:25: info: range check proved (CVC5: 2 VC)
test.adb:523:07: info: precondition proved (CVC5: 1 VC)
test.adb:525:07: info: precondition proved (CVC5: 1 VC)
test.adb:525:15: info: precondition proved (CVC5: 1 VC)
test.adb:526:07: info: precondition proved (CVC5: 1 VC)
test.adb:527:07: info: precondition proved (CVC5: 1 VC)
test.adb:530:07: info: precondition proved (CVC5: 1 VC)
test.adb:530:31: info: precondition proved (CVC5: 1 VC)
test.adb:531:07: info: precondition proved (CVC5: 1 VC)
test.adb:532:07: info: precondition proved (CVC5: 1 VC)
test.adb:534:07: info: precondition proved (CVC5: 1 VC)
test.adb:537:07: info: precondition proved (Z3: 1 VC)
test.adb:537:31: info: precondition proved (CVC5: 1 VC)
test.adb:538:07: info: precondition proved (CVC5: 1 VC)
test.adb:539:07: info: precondition proved (Z3: 1 VC)
test.adb:543:07: info: initialization of "X" proved
test.adb:543:10: info: initialization of "Y" proved
test.adb:543:19: info: range check proved (CVC5: 2 VC)
test.adb:543:25: info: range check proved (CVC5: 2 VC)
test.adb:545:07: info: precondition proved (CVC5: 1 VC)
test.adb:547:07: info: precondition proved (CVC5: 1 VC)
test.adb:549:07: info: precondition proved (Z3: 1 VC)
test.adb:550:07: info: precondition proved (Z3: 1 VC)
test.adb:551:07: medium: precondition might fail
test.adb:553:07: info: precondition proved (CVC5: 1 VC)
test.adb:555:07: info: precondition proved (Z3: 1 VC)
test.adb:556:07: info: precondition proved (Z3: 1 VC)
test.adb:557:07: info: precondition proved (Z3: 1 VC)
test.adb:561:07: info: initialization of "X" proved
test.adb:561:10: info: initialization of "Y" proved
test.adb:561:19: info: range check proved (CVC5: 2 VC)
test.adb:561:25: info: range check proved (CVC5: 2 VC)
test.adb:563:07: info: precondition proved (CVC5: 1 VC)
test.adb:565:07: info: precondition proved (CVC5: 1 VC)
test.adb:567:07: info: precondition proved (CVC5: 1 VC)
test.adb:568:07: info: precondition proved (CVC5: 1 VC)
test.adb:569:07: medium: precondition might fail
test.adb:571:07: info: precondition proved (CVC5: 1 VC)
test.adb:573:07: info: precondition proved (CVC5: 1 VC)
test.adb:574:07: info: precondition proved (Z3: 1 VC)
test.adb:575:07: info: precondition proved (CVC5: 1 VC)
test.adb:579:07: info: initialization of "X" proved
test.adb:579:16: info: range check proved (CVC5: 2 VC)
test.adb:579:22: info: range check proved (CVC5: 2 VC)
test.adb:580:07: info: initialization of "P" proved
test.adb:582:07: info: precondition proved (CVC5: 1 VC)
test.adb:583:07: info: precondition proved (CVC5: 1 VC)
test.adb:585:07: info: precondition proved (CVC5: 1 VC)
test.adb:586:07: info: precondition proved (CVC5: 1 VC)
test.adb:587:07: info: precondition proved (Z3: 1 VC)
test.adb:590:14: warning: subprogram "Test_Default_Modulus" has no effect
test.adb:599:07: info: initialization of "X" proved
test.adb:599:10: info: initialization of "Y" proved
test.adb:599:19: info: range check proved (CVC5: 2 VC)
test.adb:599:25: info: range check proved (CVC5: 2 VC)
test.adb:601:07: info: precondition proved (CVC5: 1 VC)
test.adb:601:34: info: precondition proved (CVC5: 1 VC)
test.adb:602:07: info: precondition proved (CVC5: 1 VC)
test.adb:604:07: info: precondition proved (CVC5: 1 VC)
test.adb:605:07: info: precondition proved (CVC5: 1 VC)
test.adb:605:34: info: precondition proved (CVC5: 1 VC)
test.adb:606:07: medium: precondition might fail
test.adb:606:35: info: precondition proved (CVC5: 1 VC)
test.adb:608:07: info: precondition proved (CVC5: 1 VC)
test.adb:609:07: info: precondition proved (Z3: 1 VC)
test.adb:609:34: info: precondition proved (CVC5: 1 VC)
test.adb:610:07: info: precondition proved (Z3: 1 VC)
test.adb:610:35: info: precondition proved (CVC5: 1 VC)
test.adb:614:18: info: keys shall be distinct and all elements shall fit in "Count_Type" for maps aggregates at spark-containers-formal-hashed_maps.ads:87, in instantiation at inst.ads:10
test.adb:614:18: info: precondition proved (CVC5: 11 VC)
test.adb:616:07: info: precondition proved (CVC5: 1 VC)
test.adb:617:07: info: precondition proved (CVC5: 1 VC)
test.adb:618:07: info: precondition proved (CVC5: 1 VC)
test.adb:618:15: info: precondition proved (CVC5: 1 VC)
test.adb:618:38: info: precondition proved (CVC5: 1 VC)
test.adb:622:04: info: precondition proved (Trivial: 1 VC)
test.adb:623:04: info: precondition proved (Trivial: 1 VC)
test.adb:624:04: info: precondition proved (Trivial: 1 VC)
test.adb:625:04: info: precondition proved (Trivial: 1 VC)
test.adb:626:04: info: precondition proved (Trivial: 1 VC)
test.adb:627:04: info: precondition proved (Trivial: 1 VC)
test.adb:628:04: info: precondition proved (Trivial: 1 VC)
test.adb:629:04: info: precondition proved (Trivial: 1 VC)
test.adb:630:04: info: precondition proved (Trivial: 1 VC)
test.adb:631:04: info: precondition proved (Trivial: 1 VC)
test.adb:632:04: info: precondition proved (Trivial: 1 VC)
test.adb:633:04: info: precondition proved (Trivial: 1 VC)
test.adb:634:04: info: precondition proved (Trivial: 1 VC)
test.adb:635:04: info: precondition proved (Trivial: 1 VC)
test.adb:636:04: info: precondition proved (Trivial: 1 VC)
test.adb:637:04: info: precondition proved (Trivial: 1 VC)
test.adb:638:04: info: precondition proved (Trivial: 1 VC)
test.adb:639:04: info: precondition proved (Trivial: 1 VC)
test.adb:640:04: info: precondition proved (Trivial: 1 VC)
test.adb:641:04: info: precondition proved (Trivial: 1 VC)
test.adb:642:04: info: precondition proved (Trivial: 1 VC)
test.adb:643:04: info: precondition proved (Trivial: 1 VC)
test.adb:644:04: info: precondition proved (Trivial: 1 VC)
test.adb:645:04: info: precondition proved (Trivial: 1 VC)
test.adb:646:04: info: precondition proved (Trivial: 1 VC)
test.adb:647:04: info: precondition proved (Trivial: 1 VC)
test.adb:648:04: info: precondition proved (Trivial: 1 VC)
test.adb:649:04: info: precondition proved (Trivial: 1 VC)
test.adb:650:04: info: precondition proved (Trivial: 1 VC)
test.adb:651:04: info: precondition proved (Trivial: 1 VC)
test.adb:652:04: info: precondition proved (Trivial: 1 VC)
test.adb:653:04: info: precondition proved (Trivial: 1 VC)
test.adb:654:04: info: precondition proved (Trivial: 1 VC)
inst.ads:10:04: warning: check will fail at run time [-gnatw.a]
inst.ads:10:04: warning: check will fail at run time [-gnatw.a]
inst.ads:10:04: warning: in instantiation at spark-containers-formal-hashed_maps.ads:244 [-gnatw.a]
inst.ads:10:04: warning: in instantiation at spark-containers-formal-hashed_maps.ads:244 [-gnatw.a]
inst.ads:10:04: warning: in instantiation at spark-containers-functional-maps.ads:134 [-gnatw.a]
inst.ads:10:04: warning: in instantiation at spark-containers-functional-maps.ads:153 [-gnatw.a]
test.adb:104:07: warning: variable "X" is read but never assigned [-gnatwv]
