inst.ads:3:13: info: implicit aspect Always_Terminates on "Equal" has been proved, subprogram will terminate
inst.ads:3:57: info: division check proved (CVC5: 1 VC)
inst.ads:3:69: info: division check proved (CVC5: 1 VC)
inst.ads:4:13: info: implicit aspect Always_Terminates on "Equivalent" has been proved, subprogram will terminate
inst.ads:4:62: info: division check proved (CVC5: 1 VC)
inst.ads:4:73: info: division check proved (CVC5: 1 VC)
test.adb:17:07: info: initialization of "X" proved
test.adb:19:07: info: precondition proved (CVC5: 1 VC)
test.adb:20:24: info: unrolling loop [info-unrolling-inlining]
test.adb:21:15: info: precondition proved (CVC5: 10 VC)
test.adb:23:07: info: precondition proved (CVC5: 1 VC)
test.adb:27:07: info: initialization of "X" proved
test.adb:29:24: info: unrolling loop [info-unrolling-inlining]
test.adb:30:15: info: precondition proved (CVC5: 10 VC)
test.adb:32:07: info: precondition proved (CVC5: 1 VC)
test.adb:32:15: info: precondition proved (CVC5: 2 VC)
test.adb:37:07: info: initialization of "X" proved
test.adb:39:07: info: precondition proved (CVC5: 1 VC)
test.adb:39:15: info: predicate check proved (Trivial: 1 VC)
test.adb:39:28: info: predicate check proved (Trivial: 1 VC)
test.adb:40:24: info: unrolling loop [info-unrolling-inlining]
test.adb:41:15: info: precondition proved (CVC5: 10 VC)
test.adb:43:07: info: precondition proved (CVC5: 1 VC)
test.adb:43:15: info: predicate check proved (Trivial: 1 VC)
test.adb:43:28: info: predicate check proved (Trivial: 1 VC)
test.adb:48:07: info: precondition proved (CVC5: 1 VC)
test.adb:52:07: info: initialization of "X" proved
test.adb:52:10: info: initialization of "Y" proved
test.adb:54:07: info: precondition proved (CVC5: 1 VC)
test.adb:55:24: info: unrolling loop [info-unrolling-inlining]
test.adb:56:15: info: precondition proved (CVC5: 10 VC)
test.adb:58:07: info: precondition proved (CVC5: 1 VC)
test.adb:60:07: info: precondition proved (CVC5: 1 VC)
test.adb:61:12: info: precondition proved (CVC5: 1 VC)
test.adb:62:12: info: precondition proved (CVC5: 1 VC)
test.adb:63:07: info: precondition proved (Z3: 1 VC)
test.adb:64:12: info: precondition proved (CVC5: 1 VC)
test.adb:65:12: info: precondition proved (CVC5: 1 VC)
test.adb:66:07: info: precondition proved (Z3: 1 VC)
test.adb:70:07: info: initialization of "X" proved
test.adb:70:10: info: initialization of "Y" proved
test.adb:72:07: info: precondition proved (CVC5: 1 VC)
test.adb:73:24: info: unrolling loop [info-unrolling-inlining]
test.adb:74:15: info: precondition proved (CVC5: 10 VC)
test.adb:76:07: info: precondition proved (CVC5: 1 VC)
test.adb:78:12: info: precondition proved (CVC5: 1 VC)
test.adb:79:07: info: precondition proved (Z3: 1 VC)
test.adb:80:12: info: precondition proved (CVC5: 1 VC)
test.adb:81:12: info: precondition proved (CVC5: 1 VC)
test.adb:82:07: info: precondition proved (Z3: 1 VC)
test.adb:83:12: info: precondition proved (CVC5: 1 VC)
test.adb:84:07: info: precondition proved (Z3: 1 VC)
test.adb:88:07: info: initialization of "X" proved
test.adb:88:10: info: initialization of "Y" proved
test.adb:90:07: info: precondition proved (CVC5: 1 VC)
test.adb:91:24: info: unrolling loop [info-unrolling-inlining]
test.adb:92:15: info: precondition proved (CVC5: 10 VC)
test.adb:94:07: info: precondition proved (CVC5: 1 VC)
test.adb:96:07: info: precondition proved (CVC5: 1 VC)
test.adb:97:12: info: precondition proved (CVC5: 1 VC)
test.adb:98:12: info: precondition proved (CVC5: 1 VC)
test.adb:99:07: info: precondition proved (Z3: 1 VC)
test.adb:100:12: info: precondition proved (CVC5: 1 VC)
test.adb:101:07: info: precondition proved (Z3: 1 VC)
test.adb:102:12: info: precondition proved (CVC5: 1 VC)
test.adb:103:07: info: precondition proved (Z3: 1 VC)
test.adb:107:07: info: initialization of "X" proved
test.adb:107:10: info: initialization of "Y" proved
test.adb:109:07: info: precondition proved (CVC5: 1 VC)
test.adb:110:24: info: unrolling loop [info-unrolling-inlining]
test.adb:111:15: info: precondition proved (CVC5: 10 VC)
test.adb:113:07: info: precondition proved (CVC5: 1 VC)
test.adb:115:07: info: precondition proved (CVC5: 1 VC)
test.adb:116:12: info: precondition proved (CVC5: 1 VC)
test.adb:117:12: info: precondition proved (CVC5: 1 VC)
test.adb:118:07: info: precondition proved (Z3: 1 VC)
test.adb:119:12: info: precondition proved (CVC5: 1 VC)
test.adb:120:12: info: precondition proved (CVC5: 1 VC)
test.adb:121:07: info: precondition proved (Z3: 1 VC)
test.adb:125:07: info: initialization of "X" proved
test.adb:127:07: info: precondition proved (CVC5: 1 VC)
test.adb:127:19: info: precondition proved (CVC5: 1 VC)
test.adb:128:23: info: unrolling loop [info-unrolling-inlining]
test.adb:129:15: info: precondition proved (CVC5: 7 VC)
test.adb:131:07: info: precondition proved (CVC5: 1 VC)
test.adb:131:15: info: precondition proved (CVC5: 1 VC)
test.adb:132:07: info: precondition proved (CVC5: 1 VC)
test.adb:132:15: info: precondition proved (CVC5: 1 VC)
test.adb:133:07: info: precondition proved (Z3: 1 VC)
test.adb:133:19: info: precondition proved (CVC5: 1 VC)
test.adb:134:07: info: precondition proved (Z3: 1 VC)
test.adb:134:19: info: precondition proved (CVC5: 1 VC)
test.adb:138:07: info: initialization of "X" proved
test.adb:140:07: info: precondition proved (CVC5: 1 VC)
test.adb:141:23: info: unrolling loop [info-unrolling-inlining]
test.adb:142:15: info: precondition proved (CVC5: 7 VC)
test.adb:144:07: info: precondition proved (Z3: 1 VC)
test.adb:145:07: info: precondition proved (Z3: 1 VC)
test.adb:146:07: info: precondition proved (Z3: 1 VC)
test.adb:152:07: info: precondition proved (CVC5: 1 VC)
test.adb:156:07: info: initialization of "X" proved
test.adb:158:24: info: unrolling loop [info-unrolling-inlining]
test.adb:159:15: info: precondition proved (CVC5: 10 VC)
test.adb:161:12: info: precondition proved (CVC5: 2 VC)
test.adb:162:07: info: precondition proved (CVC5: 1 VC)
test.adb:162:15: info: precondition proved (CVC5: 2 VC)
test.adb:163:07: info: precondition proved (Z3: 1 VC)
test.adb:163:15: info: precondition proved (CVC5: 2 VC)
test.adb:163:34: info: precondition proved (CVC5: 2 VC)
test.adb:164:07: info: precondition proved (CVC5: 1 VC)
test.adb:168:07: info: initialization of "X" proved
test.adb:168:10: info: initialization of "Y" proved
test.adb:174:15: info: precondition proved (CVC5: 2 VC)
test.adb:175:33: info: loop invariant initialization proved (CVC5: 1 VC)
test.adb:175:33: info: loop invariant preservation proved (CVC5: 1 VC)
test.adb:176:33: info: loop invariant initialization proved (CVC5: 1 VC)
test.adb:176:33: info: loop invariant preservation proved (CVC5: 1 VC)
test.adb:176:56: info: precondition proved (CVC5: 4 VC)
test.adb:178:07: info: precondition proved (CVC5: 1 VC)
test.adb:179:07: info: precondition proved (CVC5: 1 VC)
test.adb:179:15: info: precondition proved (CVC5: 2 VC)
test.adb:180:07: info: precondition proved (CVC5: 1 VC)
test.adb:180:15: info: precondition proved (CVC5: 2 VC)
test.adb:183:12: info: precondition proved (CVC5: 2 VC)
test.adb:184:07: info: precondition proved (CVC5: 1 VC)
test.adb:184:15: info: precondition proved (CVC5: 2 VC)
test.adb:185:07: info: precondition proved (CVC5: 1 VC)
test.adb:185:15: info: precondition proved (CVC5: 2 VC)
test.adb:186:07: info: precondition proved (CVC5: 1 VC)
test.adb:186:15: info: precondition proved (CVC5: 2 VC)
test.adb:187:07: info: precondition proved (CVC5: 1 VC)
test.adb:191:07: info: initialization of "X" proved
test.adb:193:24: info: unrolling loop [info-unrolling-inlining]
test.adb:194:15: info: precondition proved (CVC5: 10 VC)
test.adb:196:12: info: precondition proved (CVC5: 2 VC)
test.adb:197:07: info: precondition proved (CVC5: 1 VC)
test.adb:198:07: info: precondition proved (Z3: 1 VC)
test.adb:198:15: info: precondition proved (CVC5: 2 VC)
test.adb:199:07: info: precondition proved (Z3: 1 VC)
test.adb:199:15: info: precondition proved (CVC5: 2 VC)
test.adb:203:07: info: initialization of "X" proved
test.adb:205:24: info: unrolling loop [info-unrolling-inlining]
test.adb:206:15: info: precondition proved (CVC5: 10 VC)
test.adb:208:07: info: precondition proved (Z3: 1 VC)
test.adb:209:07: info: precondition proved (Z3: 1 VC)
test.adb:213:23: info: all elements shall fit in index type for sequence aggregates at spark-containers-functional-vectors.ads:78, in instantiation at inst.ads:5
test.adb:213:23: info: precondition proved (CVC5: 1 VC)
test.adb:215:07: info: precondition proved (CVC5: 1 VC)
test.adb:216:07: info: precondition proved (CVC5: 1 VC)
test.adb:216:15: info: precondition proved (CVC5: 2 VC)
test.adb:216:34: info: precondition proved (CVC5: 2 VC)
